<html>
<body>
<pre>
<h1>µVision Build Log</h1>
<h2>Tool Versions:</h2>
IDE-Version: ¦ÌVision V5.42.0.0
Copyright (C) 2025 ARM Ltd and ARM Germany GmbH. All rights reserved.
License Information: Asoulra 1070911092@qq.com, no, LIC=EXJT4-F3XRL-LQQ0Q-NNVRR-6RJ7A-HEXD6
 
Tool Versions:
Toolchain:       MDK-ARM Plus  Version: 5.42.0.0
Toolchain Path:  D:\StuAPP\mdk\ARM\ARMCOMPLIER506\Bin
C Compiler:      Armcc.exe V5.06 update 7 (build 960)
Assembler:       Armasm.exe V5.06 update 7 (build 960)
Linker/Locator:  ArmLink.exe V5.06 update 7 (build 960)
Library Manager: ArmAr.exe V5.06 update 7 (build 960)
Hex Converter:   FromElf.exe V5.06 update 7 (build 960)
CPU DLL:         SARMCM3.DLL V5.42.0.0
Dialog DLL:      DCM.DLL V1.17.5.0
Target DLL:      CMSIS_AGDI.dll V1.33.22.0
Dialog DLL:      TCM.DLL V1.56.6.0
 
<h2>Project:</h2>
D:\Code\STData\F103\FCAN\MDK-ARM\FCAN.uvprojx
Project File Date:  06/21/2026

<h2>Output:</h2>
*** Using Compiler 'V5.06 update 7 (build 960)', folder: 'D:\StuAPP\mdk\ARM\ARMCOMPLIER506\Bin'
Rebuild target 'FCAN'
assembling startup_stm32f103xb.s...
compiling stm32f1xx_hal_rcc_ex.c...
compiling stm32f1xx_hal_cortex.c...
compiling gpio.c...
compiling stm32f1xx_hal_msp.c...
compiling stm32f1xx_hal_gpio_ex.c...
compiling i2c.c...
compiling stm32f1xx_it.c...
compiling main.c...
..\User1\oled.h(29): warning:  #1-D: last line of file ends without a newline
  #endif
..\User1\cat.h(21): warning:  #1-D: last line of file ends without a newline
  #endif
..\User1\oled.h(29): warning:  #1-D: last line of file ends without a newline
  #endif
../Core/Src/main.c: 3 warnings, 0 errors
compiling stm32f1xx_hal_pwr.c...
compiling stm32f1xx_hal.c...
compiling stm32f1xx_hal_gpio.c...
compiling stm32f1xx_hal_flash.c...
compiling stm32f1xx_hal_flash_ex.c...
compiling stm32f1xx_hal_dma.c...
compiling stm32f1xx_hal_rcc.c...
compiling stm32f1xx_hal_i2c.c...
compiling system_stm32f1xx.c...
compiling stm32f1xx_hal_exti.c...
compiling oled.c...
..\User1\oled.h(29): warning:  #1-D: last line of file ends without a newline
  #endif
..\User1\cat.h(21): warning:  #1-D: last line of file ends without a newline
  #endif
..\User1\oled.h(29): warning:  #1-D: last line of file ends without a newline
  #endif
..\User1\oled.c(166): warning:  #1-D: last line of file ends without a newline
  }
..\User1\oled.c: 4 warnings, 0 errors
compiling cat.c...
..\User1\cat.h(21): warning:  #1-D: last line of file ends without a newline
  #endif
..\User1\oled.h(29): warning:  #1-D: last line of file ends without a newline
  #endif
..\User1\cat.h(21): warning:  #1-D: last line of file ends without a newline
  #endif
..\User1\cat.c(678): warning:  #1-D: last line of file ends without a newline
  };
..\User1\cat.c: 4 warnings, 0 errors
linking...
Program Size: Code=4852 RO-data=15672 RW-data=76 ZI-data=2740  
FromELF: creating hex file...
"FCAN\FCAN.axf" - 0 Error(s), 11 Warning(s).

<h2>Software Packages used:</h2>

Package Vendor: ARM
                https://www.keil.com/pack/ARM.CMSIS.6.1.0.pack
                ARM::CMSIS@6.1.0
                CMSIS (Common Microcontroller Software Interface Standard)
   * Component: CORE Version: 6.1.0

Package Vendor: Keil
                https://www.keil.com/pack/Keil.STM32F1xx_DFP.2.4.1.pack
                Keil::STM32F1xx_DFP@2.4.1
                STMicroelectronics STM32F1 Series Device Support, Drivers and Examples

<h2>Collection of Component include folders:</h2>
  ./RTE/_FCAN
  D:/StuAPPData/mdkdata/Pack/ARM/CMSIS/6.1.0/CMSIS/Core/Include
  D:/StuAPPData/mdkdata/Pack/Keil/STM32F1xx_DFP/2.4.1/Device/Include

<h2>Collection of Component Files used:</h2>

   * Component: ARM::CMSIS:CORE@6.1.0
      Include file:  CMSIS/Core/Include/tz_context.h
Build Time Elapsed:  00:00:02
</pre>
</body>
</html>
